<testsuites name="jest tests" tests="2" failures="0" time="0.221">
  <testsuite name="undefined" errors="0" failures="0" skipped="0" timestamp="2020-07-30T20:30:23" time="0.221" tests="2">
    <testcase classname=" renders without crashing" name=" renders without crashing" time="0.02">
    </testcase>
    <testcase classname=" renders the right thing" name=" renders the right thing" time="0.004">
    </testcase>
  </testsuite>
</testsuites>